9937 | I AIML A | OFFLINE | 2026-02-09 08:57:53
8945 | I AIML B | OFFLINE | 2026-02-09 09:19:39
65500 | III AIML | OFFLINE | 2026-02-09 09:18:54
2601 | I CSE A | OFFLINE | 2026-02-09 09:21:23
6523 | I CSE B | OFFLINE | 2026-02-09 09:16:02
6701 | I CSE C | OFFLINE | 2026-02-09 09:14:43
1132 | II CSE A | OFFLINE | 2026-02-09 09:19:53
3726 | II CSE B | OFFLINE | 2026-02-09 09:20:20
4027 | II CSE C | OFFLINE | 2026-02-09 09:17:02
1257 | III CSE A | OFFLINE | N/A
4056 | III CSE B | OFFLINE | 2026-02-09 09:26:19
5501 | III CSE C | OFFLINE | N/A
4670 | IV CSE A | OFFLINE | 2026-02-09 09:22:34
9825 | IV CSE B | ONLINE | 2026-02-09 09:29:48
6275 | IV CSE C | OFFLINE | 2026-02-09 09:17:41
4253 | I CSBS | OFFLINE | 2026-02-09 09:18:55
7727 | II CSBS | OFFLINE | 2026-02-09 09:18:50
8939 | III CSBS | OFFLINE | 2026-02-09 09:16:17
7827 | IV CSBS | OFFLINE | N/A
5011 | I IT A | OFFLINE | 2026-02-09 09:19:47
5012 | I IT B | OFFLINE | 2026-02-09 09:23:16
5013 | I IT C | OFFLINE | 2026-02-09 09:22:00
5014 | II IT A | OFFLINE | N/A
5015 | II IT B | OFFLINE | 2026-02-09 09:21:59
5016 | II IT C | OFFLINE | N/A
5017 | III IT A | OFFLINE | 2026-02-09 09:28:58
5018 | III IT B | OFFLINE | 2026-02-09 09:21:59
5019 | III IT C | OFFLINE | 2026-02-09 09:18:46
6001 | IV IT A | ONLINE | 2026-02-09 09:29:44
6002 | IV IT B | OFFLINE | N/A
5022 | IV IT C | OFFLINE | 2026-02-09 09:18:15