2025-10-04 13:55:58,698 | INFO | Supervisor starting.
2025-10-04 13:55:58,698 | INFO | Launching bot child: D:\python.exe -u C:\AttendanceAutomation\whatsapp_bot.py
2025-10-04 13:55:58,707 | INFO | Launched bot child pid=21328
2025-10-04 13:55:58,707 | INFO | Wrote lock file with pid 21328
2025-10-04 13:56:21,215 | WARNING | Child exited with rc=0
2025-10-04 13:56:21,217 | INFO | Removed lock file.
2025-10-04 13:56:21,217 | INFO | Supervisor will restart child after 10 seconds.
2025-10-04 13:58:17,502 | INFO | Supervisor starting.
2025-10-04 13:58:17,502 | INFO | Launching bot child: D:\python.exe -u C:\AttendanceAutomation\whatsapp_bot.py
2025-10-04 13:58:17,523 | INFO | Launched bot child pid=5324
2025-10-04 13:58:17,524 | INFO | Wrote lock file with pid 5324
2025-10-04 13:59:21,839 | WARNING | Child exited with rc=0
2025-10-04 13:59:21,840 | INFO | Removed lock file.
2025-10-04 13:59:21,840 | INFO | Supervisor will restart child after 10 seconds.
2025-10-04 13:59:35,544 | INFO | Supervisor starting.
2025-10-04 13:59:35,545 | INFO | Launching bot child: D:\python.exe -u C:\AttendanceAutomation\whatsapp_bot.py
2025-10-04 13:59:35,558 | INFO | Launched bot child pid=14220
2025-10-04 13:59:35,559 | INFO | Wrote lock file with pid 14220
2025-10-04 14:23:36,094 | INFO | Supervisor starting.
2025-10-04 14:23:36,096 | INFO | Launching bot child: D:\python.exe -u C:\AttendanceAutomation\whatsapp_bot.py
2025-10-04 14:23:36,105 | INFO | Launched bot child pid=22956
2025-10-04 14:23:36,105 | INFO | Wrote lock file with pid 22956
2025-10-04 14:34:12,904 | INFO | Supervisor started. Control file: C:\AttendanceAutomation\bot_control.txt
2025-10-04 14:34:12,905 | INFO | Launching child: D:\python.exe C:\AttendanceAutomation\whatsapp_bot.py
2025-10-04 14:34:12,915 | INFO | Child started with pid=13196
[2025-10-04 15:27:17] [supervisor] Starting supervisor loop. Control file: C:\AttendanceAutomation\bot_control.txt
[2025-10-04 15:27:35] [supervisor] Bot not running; starting bot...
[2025-10-04 15:27:35] [supervisor] Starting bot with: start "" /min "D:\python.exe" -u "C:\AttendanceAutomation\whatsapp_bot.py"
[2025-10-04 15:27:35] [supervisor] Launched bot process (background).
[2025-10-04 15:27:56] [supervisor] Detected bot process has exited.
[2025-10-04 15:27:56] [supervisor] Will restart bot after 10s (unless STOP).
[2025-10-04 15:28:26] [supervisor] Bot not running; starting bot...
[2025-10-04 15:28:26] [supervisor] Starting bot with: start "" /min "D:\python.exe" -u "C:\AttendanceAutomation\whatsapp_bot.py"
[2025-10-04 15:28:26] [supervisor] Launched bot process (background).
[2025-10-04 15:28:48] [supervisor] Detected bot process has exited.
[2025-10-04 15:28:48] [supervisor] Will restart bot after 10s (unless STOP).
[2025-10-04 15:29:19] [supervisor] Bot not running; starting bot...
[2025-10-04 15:29:19] [supervisor] Starting bot with: start "" /min "D:\python.exe" -u "C:\AttendanceAutomation\whatsapp_bot.py"
[2025-10-04 15:29:19] [supervisor] Launched bot process (background).
[2025-10-04 15:29:41] [supervisor] Detected bot process has exited.
[2025-10-04 15:29:41] [supervisor] Will restart bot after 10s (unless STOP).
[2025-10-04 15:30:11] [supervisor] Bot not running; starting bot...
[2025-10-04 15:30:11] [supervisor] Starting bot with: start "" /min "D:\python.exe" -u "C:\AttendanceAutomation\whatsapp_bot.py"
[2025-10-04 15:30:12] [supervisor] Launched bot process (background).
[2025-10-04 15:39:54,201] [supervisor] Starting supervisor loop.
[2025-10-04 15:39:54,201] [supervisor] Checking bot status...
[2025-10-04 15:39:54,214] [supervisor] Launched bot process (pid=9920).
[2025-10-04 15:40:35,276] [supervisor] Bot process exited with code 0
[2025-10-04 15:40:35,276] [supervisor] Performing post-exit cleanup. Restarting after 10 seconds...
[2025-10-04 15:40:45,726] [supervisor] Checking bot status...
[2025-10-04 15:40:45,737] [supervisor] Launched bot process (pid=4052).
[2025-10-04 15:41:36,835] [supervisor] Bot process exited with code 0
[2025-10-04 15:41:36,835] [supervisor] Performing post-exit cleanup. Restarting after 10 seconds...
[2025-10-04 15:41:47,351] [supervisor] Checking bot status...
[2025-10-04 15:41:47,366] [supervisor] Launched bot process (pid=20364).
[2025-10-04 15:42:07,381] [supervisor] Bot process exited with code 0
[2025-10-04 15:42:07,382] [supervisor] Performing post-exit cleanup. Restarting after 10 seconds...
[2025-10-04 15:42:17,985] [supervisor] Checking bot status...
[2025-10-04 15:42:18,002] [supervisor] Launched bot process (pid=16980).
[2025-10-04 16:09:17,585] [supervisor] Bot process exited with code 0
[2025-10-04 16:09:17,585] [supervisor] Performing post-exit cleanup. Restarting after 10 seconds...
[2025-10-04 16:09:28,202] [supervisor] Checking bot status...
[2025-10-04 16:09:28,217] [supervisor] Launched bot process (pid=2932).
[2025-10-04 16:12:10,409] [supervisor] Starting supervisor loop.
[2025-10-04 16:12:10,410] [supervisor] Checking bot status...
[2025-10-04 16:12:10,423] [supervisor] Launched bot process (pid=14616).
[2025-10-04 16:12:31,436] [supervisor] Bot process exited with code 0
[2025-10-04 16:12:31,437] [supervisor] Performing post-exit cleanup. Restarting after 10 seconds...
[2025-10-04 16:12:42,011] [supervisor] Checking bot status...
[2025-10-04 16:12:42,030] [supervisor] Launched bot process (pid=14964).
[2025-10-04 16:13:20,084] [supervisor] Bot process exited with code 0
[2025-10-04 16:13:20,084] [supervisor] Performing post-exit cleanup. Restarting after 10 seconds...
[2025-10-04 16:13:30,674] [supervisor] Checking bot status...
[2025-10-04 16:13:30,702] [supervisor] Launched bot process (pid=6760).
[2025-10-04 16:23:21,263] [supervisor] Starting supervisor loop.
[2025-10-04 16:23:21,263] [supervisor] Checking bot status...
[2025-10-04 16:23:21,273] [supervisor] Launched bot process (pid=3048).
[2025-10-04 16:23:44,286] [supervisor] Bot process exited with code 0
[2025-10-04 16:23:44,286] [supervisor] Performing post-exit cleanup. Restarting after 10 seconds...
[2025-10-04 16:23:54,785] [supervisor] Checking bot status...
[2025-10-04 16:23:54,799] [supervisor] Launched bot process (pid=11764).
[2025-10-04 16:28:23,770] [supervisor] Starting supervisor loop.
[2025-10-04 16:28:23,791] [supervisor] Checking bot status...
[2025-10-04 16:28:23,800] [supervisor] Launched bot process (pid=2692).
[2025-10-04 16:28:26,127] [supervisor] Starting supervisor loop.
[2025-10-04 16:28:26,146] [supervisor] Another supervisor instance appears to be running. Exiting.
[2025-10-04 16:28:48,814] [supervisor] Bot process exited with code 0
[2025-10-04 16:28:48,814] [supervisor] Performing post-exit cleanup. Restarting after 10 seconds...
[2025-10-04 16:28:58,876] [supervisor] Checking bot status...
[2025-10-04 16:28:58,885] [supervisor] Launched bot process (pid=20016).
[2025-10-04 16:31:17,541] [supervisor] Starting supervisor loop.
[2025-10-04 16:31:17,556] [supervisor] Checking bot status...
[2025-10-04 16:31:17,564] [supervisor] Launched bot process (pid=10596).
[2025-10-04 16:31:29,576] [supervisor] Bot process exited with code 0
[2025-10-04 16:31:29,577] [supervisor] Performing post-exit cleanup. Restarting after 10 seconds...
[2025-10-04 16:31:40,133] [supervisor] Checking bot status...
[2025-10-04 16:31:40,148] [supervisor] Launched bot process (pid=16004).
[2025-10-04 17:41:05,093] [supervisor] Starting supervisor loop.
[2025-10-04 17:41:05,094] [supervisor] Checking bot status...
[2025-10-04 17:41:05,106] [supervisor] Launched bot process (pid=18232).
[2025-10-04 17:41:13,887] [supervisor] Starting supervisor loop.
[2025-10-04 17:41:13,906] [supervisor] Another supervisor instance appears to be running. Exiting.
[2025-10-04 17:42:31,150] [supervisor] Bot process exited with code 0
[2025-10-04 17:42:31,151] [supervisor] Performing post-exit cleanup. Restarting after 10 seconds...
[2025-10-04 17:42:41,248] [supervisor] Checking bot status...
[2025-10-04 17:42:41,257] [supervisor] Launched bot process (pid=17912).
[2025-10-04 17:49:58,450] [supervisor] Bot process exited with code 0
[2025-10-04 17:49:58,451] [supervisor] Performing post-exit cleanup. Restarting after 10 seconds...
[2025-10-04 17:50:08,546] [supervisor] Checking bot status...
[2025-10-04 17:50:08,555] [supervisor] Launched bot process (pid=20708).
[2025-10-04 19:24:07,378] [supervisor] Starting supervisor loop.
[2025-10-04 19:24:07,379] [supervisor] Checking bot status...
[2025-10-04 19:24:07,388] [supervisor] Launched bot process (pid=14872).
[2025-10-04 19:24:12,392] [supervisor] Bot process exited with code 0
[2025-10-04 19:24:12,392] [supervisor] Performing post-exit cleanup. Restarting after 10 seconds...
[2025-10-04 19:24:22,449] [supervisor] Checking bot status...
[2025-10-04 19:24:22,465] [supervisor] Launched bot process (pid=16248).
[2025-10-04 19:24:27,469] [supervisor] Bot process exited with code 0
[2025-10-04 19:24:27,469] [supervisor] Performing post-exit cleanup. Restarting after 10 seconds...
[2025-10-04 19:24:37,586] [supervisor] Checking bot status...
[2025-10-04 19:24:37,599] [supervisor] Launched bot process (pid=16488).
[2025-10-04 19:24:41,606] [supervisor] Bot process exited with code 0
[2025-10-04 19:24:41,606] [supervisor] Performing post-exit cleanup. Restarting after 10 seconds...
[2025-10-04 19:24:51,728] [supervisor] Checking bot status...
[2025-10-04 19:24:51,742] [supervisor] Launched bot process (pid=10256).
[2025-10-04 19:24:56,757] [supervisor] Bot process exited with code 0
[2025-10-04 19:24:56,757] [supervisor] Performing post-exit cleanup. Restarting after 10 seconds...
[2025-10-04 19:25:06,878] [supervisor] Checking bot status...
[2025-10-04 19:25:06,895] [supervisor] Launched bot process (pid=15604).
[2025-10-04 19:25:11,902] [supervisor] Bot process exited with code 0
[2025-10-04 19:25:11,902] [supervisor] Performing post-exit cleanup. Restarting after 10 seconds...
[2025-10-04 19:25:22,022] [supervisor] Checking bot status...
[2025-10-04 19:25:22,037] [supervisor] Launched bot process (pid=7424).
[2025-10-04 19:25:27,043] [supervisor] Bot process exited with code 0
[2025-10-04 19:25:27,043] [supervisor] Performing post-exit cleanup. Restarting after 10 seconds...
[2025-10-04 19:25:37,162] [supervisor] Checking bot status...
[2025-10-04 19:25:37,179] [supervisor] Launched bot process (pid=1424).
[2025-10-04 19:25:42,190] [supervisor] Bot process exited with code 0
[2025-10-04 19:25:42,190] [supervisor] Performing post-exit cleanup. Restarting after 10 seconds...
[2025-10-04 19:25:52,305] [supervisor] Checking bot status...
[2025-10-04 19:25:52,321] [supervisor] Launched bot process (pid=17180).
[2025-10-04 19:25:57,350] [supervisor] Bot process exited with code 0
[2025-10-04 19:25:57,350] [supervisor] Performing post-exit cleanup. Restarting after 10 seconds...
[2025-10-04 19:26:07,471] [supervisor] Checking bot status...
[2025-10-04 19:26:07,484] [supervisor] Launched bot process (pid=6920).
[2025-10-04 19:26:11,487] [supervisor] Bot process exited with code 0
[2025-10-04 19:26:11,487] [supervisor] Performing post-exit cleanup. Restarting after 10 seconds...
[2025-10-04 19:26:21,604] [supervisor] Checking bot status...
[2025-10-04 19:26:21,621] [supervisor] Launched bot process (pid=18912).
[2025-10-04 19:26:25,626] [supervisor] Bot process exited with code 0
[2025-10-04 19:26:25,627] [supervisor] Performing post-exit cleanup. Restarting after 10 seconds...
[2025-10-04 19:26:35,735] [supervisor] Checking bot status...
[2025-10-04 19:26:35,751] [supervisor] Launched bot process (pid=1772).
[2025-10-04 19:26:39,758] [supervisor] Bot process exited with code 0
[2025-10-04 19:26:39,758] [supervisor] Performing post-exit cleanup. Restarting after 10 seconds...
[2025-10-04 19:26:49,870] [supervisor] Checking bot status...
[2025-10-04 19:26:49,886] [supervisor] Launched bot process (pid=4852).
[2025-10-04 19:26:54,890] [supervisor] Bot process exited with code 0
[2025-10-04 19:26:54,891] [supervisor] Performing post-exit cleanup. Restarting after 10 seconds...
[2025-10-04 19:27:05,003] [supervisor] Checking bot status...
[2025-10-04 19:27:05,017] [supervisor] Launched bot process (pid=16204).
[2025-10-04 19:27:09,030] [supervisor] Bot process exited with code 0
[2025-10-04 19:27:09,031] [supervisor] Performing post-exit cleanup. Restarting after 10 seconds...
[2025-10-04 19:27:19,141] [supervisor] Checking bot status...
[2025-10-04 19:27:19,158] [supervisor] Launched bot process (pid=1328).
[2025-10-04 19:27:23,176] [supervisor] Bot process exited with code 0
[2025-10-04 19:27:23,176] [supervisor] Performing post-exit cleanup. Restarting after 10 seconds...
[2025-10-04 19:27:33,285] [supervisor] Checking bot status...
[2025-10-04 19:27:33,301] [supervisor] Launched bot process (pid=9776).
[2025-10-04 19:27:38,304] [supervisor] Bot process exited with code 0
[2025-10-04 19:27:38,305] [supervisor] Performing post-exit cleanup. Restarting after 10 seconds...
[2025-10-04 19:27:48,416] [supervisor] Checking bot status...
[2025-10-04 19:27:48,432] [supervisor] Launched bot process (pid=8892).
[2025-10-04 19:27:53,451] [supervisor] Bot process exited with code 0
[2025-10-04 19:27:53,452] [supervisor] Performing post-exit cleanup. Restarting after 10 seconds...
[2025-10-04 19:28:03,533] [supervisor] Checking bot status...
[2025-10-04 19:28:03,548] [supervisor] Launched bot process (pid=17148).
[2025-10-04 19:28:08,559] [supervisor] Bot process exited with code 0
[2025-10-04 19:28:08,559] [supervisor] Performing post-exit cleanup. Restarting after 10 seconds...
[2025-10-04 19:28:18,668] [supervisor] Checking bot status...
[2025-10-04 19:28:18,685] [supervisor] Launched bot process (pid=15964).
[2025-10-04 19:28:23,695] [supervisor] Bot process exited with code 0
[2025-10-04 19:28:23,695] [supervisor] Performing post-exit cleanup. Restarting after 10 seconds...
[2025-10-04 19:28:33,805] [supervisor] Checking bot status...
[2025-10-04 19:28:33,821] [supervisor] Launched bot process (pid=7940).
[2025-10-04 19:28:37,831] [supervisor] Bot process exited with code 0
[2025-10-04 19:28:37,831] [supervisor] Performing post-exit cleanup. Restarting after 10 seconds...
[2025-10-04 19:28:47,936] [supervisor] Checking bot status...
[2025-10-04 19:28:47,951] [supervisor] Launched bot process (pid=11944).
[2025-10-04 19:28:52,996] [supervisor] Bot process exited with code 0
[2025-10-04 19:28:52,997] [supervisor] Performing post-exit cleanup. Restarting after 10 seconds...
[2025-10-04 19:29:03,105] [supervisor] Checking bot status...
[2025-10-04 19:29:03,118] [supervisor] Launched bot process (pid=3244).
[2025-10-04 19:29:07,124] [supervisor] Bot process exited with code 0
[2025-10-04 19:29:07,125] [supervisor] Performing post-exit cleanup. Restarting after 10 seconds...
[2025-10-04 19:29:17,225] [supervisor] Checking bot status...
[2025-10-04 19:29:17,242] [supervisor] Launched bot process (pid=9012).
[2025-10-04 19:29:21,246] [supervisor] Bot process exited with code 0
[2025-10-04 19:29:21,246] [supervisor] Performing post-exit cleanup. Restarting after 10 seconds...
[2025-10-04 19:29:31,366] [supervisor] Checking bot status...
[2025-10-04 19:29:31,380] [supervisor] Launched bot process (pid=4680).
[2025-10-04 19:29:36,387] [supervisor] Bot process exited with code 0
[2025-10-04 19:29:36,387] [supervisor] Performing post-exit cleanup. Restarting after 10 seconds...
[2025-10-04 19:29:46,505] [supervisor] Checking bot status...
[2025-10-04 19:29:46,520] [supervisor] Launched bot process (pid=10244).
[2025-10-04 19:29:50,541] [supervisor] Bot process exited with code 0
[2025-10-04 19:29:50,541] [supervisor] Performing post-exit cleanup. Restarting after 10 seconds...
[2025-10-04 19:30:00,645] [supervisor] Checking bot status...
[2025-10-04 19:30:00,660] [supervisor] Launched bot process (pid=13748).
[2025-10-04 19:30:05,680] [supervisor] Bot process exited with code 0
[2025-10-04 19:30:05,681] [supervisor] Performing post-exit cleanup. Restarting after 10 seconds...
[2025-10-04 19:30:15,902] [supervisor] Checking bot status...
[2025-10-04 19:30:15,918] [supervisor] Launched bot process (pid=11696).
[2025-10-04 19:30:36,179] [supervisor] Starting supervisor loop.
[2025-10-04 19:30:36,192] [supervisor] Checking bot status...
[2025-10-04 19:30:36,200] [supervisor] Launched bot process (pid=5260).
[2025-10-04 19:39:55,202] [supervisor] Starting supervisor loop.
[2025-10-04 19:39:55,203] [supervisor] Checking bot status...
[2025-10-04 19:39:55,214] [supervisor] Launched bot process (pid=19328).
[2025-10-04 19:39:59,216] [supervisor] Bot process exited with code 0
[2025-10-04 19:39:59,217] [supervisor] Performing post-exit cleanup. Restarting after 10 seconds...
[2025-10-04 19:40:09,740] [supervisor] Checking bot status...
[2025-10-04 19:40:09,751] [supervisor] Launched bot process (pid=12608).
[2025-10-04 19:40:13,753] [supervisor] Bot process exited with code 0
[2025-10-04 19:40:13,753] [supervisor] Performing post-exit cleanup. Restarting after 10 seconds...
[2025-10-04 19:40:24,219] [supervisor] Checking bot status...
[2025-10-04 19:40:24,232] [supervisor] Launched bot process (pid=7652).
[2025-10-04 19:40:28,234] [supervisor] Bot process exited with code 0
[2025-10-04 19:40:28,234] [supervisor] Performing post-exit cleanup. Restarting after 10 seconds...
[2025-10-04 19:40:38,735] [supervisor] Checking bot status...
[2025-10-04 19:40:38,751] [supervisor] Launched bot process (pid=8496).
[2025-10-04 19:40:42,754] [supervisor] Bot process exited with code 0
[2025-10-04 19:40:42,755] [supervisor] Performing post-exit cleanup. Restarting after 10 seconds...
[2025-10-04 19:40:53,241] [supervisor] Checking bot status...
[2025-10-04 19:40:53,254] [supervisor] Launched bot process (pid=18816).
[2025-10-04 19:40:57,312] [supervisor] Bot process exited with code 0
[2025-10-04 19:40:57,313] [supervisor] Performing post-exit cleanup. Restarting after 10 seconds...
[2025-10-04 19:41:07,883] [supervisor] Checking bot status...
[2025-10-04 19:41:07,897] [supervisor] Launched bot process (pid=11864).
[2025-10-04 19:41:12,900] [supervisor] Bot process exited with code 0
[2025-10-04 19:41:12,900] [supervisor] Performing post-exit cleanup. Restarting after 10 seconds...
[2025-10-04 19:41:23,378] [supervisor] Checking bot status...
[2025-10-04 19:41:23,393] [supervisor] Launched bot process (pid=12348).
[2025-10-04 19:41:26,395] [supervisor] Bot process exited with code 0
[2025-10-04 19:41:26,396] [supervisor] Performing post-exit cleanup. Restarting after 10 seconds...
[2025-10-04 19:41:36,830] [supervisor] Checking bot status...
[2025-10-04 19:41:36,843] [supervisor] Launched bot process (pid=19352).
[2025-10-04 19:41:40,846] [supervisor] Bot process exited with code 0
[2025-10-04 19:41:40,847] [supervisor] Performing post-exit cleanup. Restarting after 10 seconds...
[2025-10-04 19:41:51,407] [supervisor] Checking bot status...
[2025-10-04 19:41:51,434] [supervisor] Launched bot process (pid=17352).
[2025-10-04 19:41:55,436] [supervisor] Bot process exited with code 0
[2025-10-04 19:41:55,436] [supervisor] Performing post-exit cleanup. Restarting after 10 seconds...
[2025-10-04 19:42:05,970] [supervisor] Checking bot status...
[2025-10-04 19:42:05,983] [supervisor] Launched bot process (pid=19920).
[2025-10-04 19:42:09,991] [supervisor] Bot process exited with code 0
[2025-10-04 19:42:09,991] [supervisor] Performing post-exit cleanup. Restarting after 10 seconds...
[2025-10-04 19:42:14,710] [supervisor] Starting supervisor loop.
[2025-10-04 19:42:14,723] [supervisor] Another supervisor instance appears to be running. Exiting.
[2025-10-04 19:42:19,248] [supervisor] Starting supervisor loop.
[2025-10-04 19:42:19,261] [supervisor] Another supervisor instance appears to be running. Exiting.
[2025-10-04 19:42:20,606] [supervisor] Checking bot status...
[2025-10-04 19:42:20,621] [supervisor] Launched bot process (pid=17672).
[2025-10-04 19:42:24,634] [supervisor] Bot process exited with code 0
[2025-10-04 19:42:24,634] [supervisor] Performing post-exit cleanup. Restarting after 10 seconds...
[2025-10-04 19:42:35,264] [supervisor] Checking bot status...
[2025-10-04 19:42:35,278] [supervisor] Launched bot process (pid=2436).
[2025-10-04 19:42:37,399] [supervisor] Starting supervisor loop.
[2025-10-04 19:42:37,412] [supervisor] Another supervisor instance appears to be running. Exiting.
[2025-10-04 19:42:39,280] [supervisor] Bot process exited with code 0
[2025-10-04 19:42:39,281] [supervisor] Performing post-exit cleanup. Restarting after 10 seconds...
[2025-10-04 19:42:49,755] [supervisor] Checking bot status...
[2025-10-04 19:42:49,774] [supervisor] Launched bot process (pid=14696).
[2025-10-04 19:42:54,778] [supervisor] Bot process exited with code 0
[2025-10-04 19:42:54,778] [supervisor] Performing post-exit cleanup. Restarting after 10 seconds...
[2025-10-04 19:43:05,348] [supervisor] Checking bot status...
[2025-10-04 19:43:05,364] [supervisor] Launched bot process (pid=2868).
[2025-10-04 19:43:09,367] [supervisor] Bot process exited with code 0
[2025-10-04 19:43:09,367] [supervisor] Performing post-exit cleanup. Restarting after 10 seconds...
[2025-10-04 20:56:41,330] [supervisor] Starting supervisor loop.
[2025-10-04 20:56:41,332] [supervisor] Checking bot status...
[2025-10-04 20:56:41,337] [supervisor] Launched bot process (pid=1512).
[2025-10-04 20:56:45,162] [supervisor] Starting supervisor loop.
[2025-10-04 20:56:45,180] [supervisor] Another supervisor instance appears to be running. Exiting.
[2025-10-04 20:59:45,492] [supervisor] Starting supervisor loop.
[2025-10-04 20:59:45,492] [supervisor] Checking bot status...
[2025-10-04 20:59:45,499] [supervisor] Launched bot process (pid=1296).
[2025-10-04 20:59:48,554] [supervisor] Bot process exited with code 0
[2025-10-04 20:59:48,555] [supervisor] Performing post-exit cleanup. Restarting after 10 seconds...
[2025-10-04 20:59:58,748] [supervisor] Checking bot status...
[2025-10-04 20:59:58,763] [supervisor] Launched bot process (pid=10452).
[2025-10-04 21:00:04,767] [supervisor] Bot process exited with code 0
[2025-10-04 21:00:04,767] [supervisor] Performing post-exit cleanup. Restarting after 10 seconds...
[2025-10-04 21:00:05,512] [supervisor] Bot process exited with code 0
[2025-10-04 21:00:05,512] [supervisor] Performing post-exit cleanup. Restarting after 10 seconds...
[2025-10-04 21:00:14,951] [supervisor] Checking bot status...
[2025-10-04 21:00:14,965] [supervisor] Launched bot process (pid=7704).
[2025-10-04 21:00:16,029] [supervisor] Checking bot status...
[2025-10-04 21:00:16,043] [supervisor] Launched bot process (pid=6040).
[2025-10-04 21:00:20,045] [supervisor] Bot process exited with code 0
[2025-10-04 21:00:20,046] [supervisor] Performing post-exit cleanup. Restarting after 10 seconds...
[2025-10-04 21:00:20,967] [supervisor] Bot process exited with code 0
[2025-10-04 21:00:20,968] [supervisor] Performing post-exit cleanup. Restarting after 10 seconds...
[2025-10-04 21:00:30,517] [supervisor] Checking bot status...
[2025-10-04 21:00:30,533] [supervisor] Launched bot process (pid=20248).
[2025-10-04 21:00:31,144] [supervisor] Checking bot status...
[2025-10-04 21:00:31,157] [supervisor] Launched bot process (pid=2972).
[2025-10-04 21:00:50,582] [supervisor] Bot process exited with code 0
[2025-10-04 21:00:50,582] [supervisor] Performing post-exit cleanup. Restarting after 10 seconds...
[2025-10-04 21:01:01,155] [supervisor] Checking bot status...
[2025-10-04 21:01:01,165] [supervisor] Launched bot process (pid=13516).
[2025-10-04 21:01:04,199] [supervisor] Bot process exited with code 0
[2025-10-04 21:01:04,199] [supervisor] Performing post-exit cleanup. Restarting after 10 seconds...
[2025-10-04 21:01:14,381] [supervisor] Checking bot status...
[2025-10-04 21:01:14,396] [supervisor] Launched bot process (pid=2316).
[2025-10-04 21:01:20,401] [supervisor] Bot process exited with code 0
[2025-10-04 21:01:20,401] [supervisor] Performing post-exit cleanup. Restarting after 10 seconds...
[2025-10-04 21:01:30,551] [supervisor] Checking bot status...
[2025-10-04 21:01:30,567] [supervisor] Launched bot process (pid=10644).
[2025-10-04 21:01:37,575] [supervisor] Bot process exited with code 0
[2025-10-04 21:01:37,575] [supervisor] Performing post-exit cleanup. Restarting after 10 seconds...
[2025-10-04 21:01:38,206] [supervisor] Bot process exited with code 0
[2025-10-04 21:01:38,206] [supervisor] Performing post-exit cleanup. Restarting after 10 seconds...
[2025-10-04 21:01:47,724] [supervisor] Checking bot status...
[2025-10-04 21:01:47,739] [supervisor] Launched bot process (pid=18640).
[2025-10-04 21:01:48,775] [supervisor] Checking bot status...
[2025-10-04 21:01:48,795] [supervisor] Launched bot process (pid=10292).
[2025-10-04 21:01:52,798] [supervisor] Bot process exited with code 0
[2025-10-04 21:01:52,799] [supervisor] Performing post-exit cleanup. Restarting after 10 seconds...
[2025-10-04 21:01:53,763] [supervisor] Bot process exited with code 0
[2025-10-04 21:01:53,763] [supervisor] Performing post-exit cleanup. Restarting after 10 seconds...
[2025-10-04 21:02:03,374] [supervisor] Checking bot status...
[2025-10-04 21:02:03,391] [supervisor] Launched bot process (pid=7448).
[2025-10-04 21:02:03,917] [supervisor] Checking bot status...
[2025-10-04 21:02:03,930] [supervisor] Launched bot process (pid=848).
[2025-10-04 21:02:07,394] [supervisor] Bot process exited with code 0
[2025-10-04 21:02:07,394] [supervisor] Performing post-exit cleanup. Restarting after 10 seconds...
[2025-10-04 21:02:09,933] [supervisor] Bot process exited with code 0
[2025-10-04 21:02:09,933] [supervisor] Performing post-exit cleanup. Restarting after 10 seconds...
[2025-10-04 21:02:17,972] [supervisor] Checking bot status...
[2025-10-04 21:02:17,988] [supervisor] Launched bot process (pid=9848).
[2025-10-04 21:02:20,124] [supervisor] Checking bot status...
[2025-10-04 21:02:20,138] [supervisor] Launched bot process (pid=20336).
[2025-10-04 21:02:56,030] [supervisor] Bot process exited with code 0
[2025-10-04 21:02:56,031] [supervisor] Performing post-exit cleanup. Restarting after 10 seconds...
[2025-10-04 21:03:06,661] [supervisor] Checking bot status...
[2025-10-04 21:03:06,677] [supervisor] Launched bot process (pid=3260).
[2025-10-04 21:03:09,679] [supervisor] Bot process exited with code 0
[2025-10-04 21:03:09,680] [supervisor] Performing post-exit cleanup. Restarting after 10 seconds...
[2025-10-04 21:03:10,207] [supervisor] Bot process exited with code 0
[2025-10-04 21:03:10,208] [supervisor] Performing post-exit cleanup. Restarting after 10 seconds...
[2025-10-04 21:03:20,225] [supervisor] Checking bot status...
[2025-10-04 21:03:20,243] [supervisor] Launched bot process (pid=18832).
[2025-10-04 21:03:20,404] [supervisor] Checking bot status...
[2025-10-04 21:03:20,416] [supervisor] Launched bot process (pid=8140).
[2025-10-04 21:03:56,269] [supervisor] Bot process exited with code 0
[2025-10-04 21:03:56,269] [supervisor] Performing post-exit cleanup. Restarting after 10 seconds...
[2025-10-04 21:04:06,771] [supervisor] Checking bot status...
[2025-10-04 21:04:06,786] [supervisor] Launched bot process (pid=6008).
[2025-10-04 21:04:11,464] [supervisor] Bot process exited with code 0
[2025-10-04 21:04:11,464] [supervisor] Performing post-exit cleanup. Restarting after 10 seconds...
[2025-10-04 21:04:21,657] [supervisor] Checking bot status...
[2025-10-04 21:04:21,670] [supervisor] Launched bot process (pid=16164).
[2025-10-04 21:04:44,853] [supervisor] Bot process exited with code 0
[2025-10-04 21:04:44,854] [supervisor] Performing post-exit cleanup. Restarting after 10 seconds...
[2025-10-04 21:04:55,368] [supervisor] Checking bot status...
[2025-10-04 21:04:55,382] [supervisor] Launched bot process (pid=13080).
[2025-10-04 21:04:58,734] [supervisor] Bot process exited with code 0
[2025-10-04 21:04:58,734] [supervisor] Performing post-exit cleanup. Restarting after 10 seconds...
[2025-10-04 21:05:08,903] [supervisor] Checking bot status...
[2025-10-04 21:05:08,919] [supervisor] Launched bot process (pid=8284).
[2025-10-04 21:05:14,925] [supervisor] Bot process exited with code 0
[2025-10-04 21:05:14,925] [supervisor] Performing post-exit cleanup. Restarting after 10 seconds...
[2025-10-04 21:05:25,076] [supervisor] Checking bot status...
[2025-10-04 21:05:25,088] [supervisor] Launched bot process (pid=2216).
[2025-10-04 21:05:31,094] [supervisor] Bot process exited with code 0
[2025-10-04 21:05:31,094] [supervisor] Performing post-exit cleanup. Restarting after 10 seconds...
[2025-10-04 21:05:32,429] [supervisor] Bot process exited with code 0
[2025-10-04 21:05:32,430] [supervisor] Performing post-exit cleanup. Restarting after 10 seconds...
[2025-10-04 21:05:41,252] [supervisor] Checking bot status...
[2025-10-04 21:05:41,270] [supervisor] Launched bot process (pid=3016).
[2025-10-04 21:05:43,033] [supervisor] Checking bot status...
[2025-10-04 21:05:43,051] [supervisor] Launched bot process (pid=13376).
[2025-10-04 21:05:47,053] [supervisor] Bot process exited with code 0
[2025-10-04 21:05:47,054] [supervisor] Performing post-exit cleanup. Restarting after 10 seconds...
[2025-10-04 21:05:47,274] [supervisor] Bot process exited with code 0
[2025-10-04 21:05:47,275] [supervisor] Performing post-exit cleanup. Restarting after 10 seconds...
[2025-10-04 21:05:57,396] [supervisor] Checking bot status...
[2025-10-04 21:05:57,418] [supervisor] Launched bot process (pid=2612).
[2025-10-04 21:05:57,589] [supervisor] Checking bot status...
[2025-10-04 21:05:57,601] [supervisor] Launched bot process (pid=18596).
[2025-10-04 21:06:01,605] [supervisor] Bot process exited with code 0
[2025-10-04 21:06:01,606] [supervisor] Performing post-exit cleanup. Restarting after 10 seconds...
[2025-10-04 21:06:03,443] [supervisor] Bot process exited with code 0
[2025-10-04 21:06:03,444] [supervisor] Performing post-exit cleanup. Restarting after 10 seconds...
[2025-10-04 21:06:12,108] [supervisor] Checking bot status...
[2025-10-04 21:06:12,122] [supervisor] Launched bot process (pid=13680).
[2025-10-04 21:06:13,614] [supervisor] Checking bot status...
[2025-10-04 21:06:13,628] [supervisor] Launched bot process (pid=16296).
[2025-10-04 21:06:16,125] [supervisor] Bot process exited with code 0
[2025-10-04 21:06:16,125] [supervisor] Performing post-exit cleanup. Restarting after 10 seconds...
[2025-10-04 21:06:19,637] [supervisor] Bot process exited with code 0
[2025-10-04 21:06:19,637] [supervisor] Performing post-exit cleanup. Restarting after 10 seconds...
[2025-10-04 21:06:26,660] [supervisor] Checking bot status...
[2025-10-04 21:06:26,678] [supervisor] Launched bot process (pid=20240).
[2025-10-04 21:06:29,807] [supervisor] Checking bot status...
[2025-10-04 21:06:29,831] [supervisor] Launched bot process (pid=3940).
[2025-10-04 21:06:30,681] [supervisor] Bot process exited with code 0
[2025-10-04 21:06:30,681] [supervisor] Performing post-exit cleanup. Restarting after 10 seconds...
[2025-10-04 21:06:35,836] [supervisor] Bot process exited with code 0
[2025-10-04 21:06:35,836] [supervisor] Performing post-exit cleanup. Restarting after 10 seconds...
[2025-10-04 21:06:41,264] [supervisor] Checking bot status...
[2025-10-04 21:06:41,281] [supervisor] Launched bot process (pid=20352).
[2025-10-04 21:06:45,285] [supervisor] Bot process exited with code 0
[2025-10-04 21:06:45,285] [supervisor] Performing post-exit cleanup. Restarting after 10 seconds...
[2025-10-04 21:06:45,985] [supervisor] Checking bot status...
[2025-10-04 21:06:45,998] [supervisor] Launched bot process (pid=16620).
[2025-10-04 21:06:52,012] [supervisor] Bot process exited with code 0
[2025-10-04 21:06:52,012] [supervisor] Performing post-exit cleanup. Restarting after 10 seconds...
[2025-10-04 21:06:55,697] [supervisor] Checking bot status...
[2025-10-04 21:06:55,714] [supervisor] Launched bot process (pid=17560).
[2025-10-04 21:06:59,720] [supervisor] Bot process exited with code 0
[2025-10-04 21:06:59,720] [supervisor] Performing post-exit cleanup. Restarting after 10 seconds...
[2025-10-04 21:07:02,147] [supervisor] Checking bot status...
[2025-10-04 21:07:02,163] [supervisor] Launched bot process (pid=8040).
[2025-10-04 21:07:09,177] [supervisor] Bot process exited with code 0
[2025-10-04 21:07:09,178] [supervisor] Performing post-exit cleanup. Restarting after 10 seconds...
[2025-10-04 21:07:10,299] [supervisor] Checking bot status...
[2025-10-04 21:07:10,316] [supervisor] Launched bot process (pid=20380).
[2025-10-04 21:07:14,323] [supervisor] Bot process exited with code 0
[2025-10-04 21:07:14,324] [supervisor] Performing post-exit cleanup. Restarting after 10 seconds...
[2025-10-04 21:07:19,320] [supervisor] Checking bot status...
[2025-10-04 21:07:19,335] [supervisor] Launched bot process (pid=11280).
[2025-10-04 21:07:24,904] [supervisor] Checking bot status...
[2025-10-04 21:07:24,920] [supervisor] Launched bot process (pid=15812).
[2025-10-04 21:07:25,342] [supervisor] Bot process exited with code 0
[2025-10-04 21:07:25,342] [supervisor] Performing post-exit cleanup. Restarting after 10 seconds...
[2025-10-04 21:07:27,923] [supervisor] Bot process exited with code 0
[2025-10-04 21:07:27,924] [supervisor] Performing post-exit cleanup. Restarting after 10 seconds...
[2025-10-04 21:07:35,489] [supervisor] Checking bot status...
[2025-10-04 21:07:35,504] [supervisor] Launched bot process (pid=13632).
[2025-10-04 21:07:38,495] [supervisor] Checking bot status...
[2025-10-04 21:07:38,514] [supervisor] Launched bot process (pid=17344).
[2025-10-04 21:07:41,555] [supervisor] Bot process exited with code 0
[2025-10-04 21:07:41,555] [supervisor] Performing post-exit cleanup. Restarting after 10 seconds...
[2025-10-04 21:07:42,518] [supervisor] Bot process exited with code 0
[2025-10-04 21:07:42,519] [supervisor] Performing post-exit cleanup. Restarting after 10 seconds...
[2025-10-04 21:07:51,711] [supervisor] Checking bot status...
[2025-10-04 21:07:51,728] [supervisor] Launched bot process (pid=1604).
[2025-10-04 21:07:53,076] [supervisor] Checking bot status...
[2025-10-04 21:07:53,093] [supervisor] Launched bot process (pid=18908).
[2025-10-04 21:07:57,734] [supervisor] Bot process exited with code 0
[2025-10-04 21:07:57,735] [supervisor] Performing post-exit cleanup. Restarting after 10 seconds...
[2025-10-04 21:07:58,127] [supervisor] Bot process exited with code 0
[2025-10-04 21:07:58,127] [supervisor] Performing post-exit cleanup. Restarting after 10 seconds...
[2025-10-04 21:08:07,890] [supervisor] Checking bot status...
[2025-10-04 21:08:07,907] [supervisor] Launched bot process (pid=13872).
[2025-10-04 21:08:08,665] [supervisor] Checking bot status...
[2025-10-04 21:08:08,680] [supervisor] Launched bot process (pid=11440).
[2025-10-04 21:08:12,687] [supervisor] Bot process exited with code 0
[2025-10-04 21:08:12,688] [supervisor] Performing post-exit cleanup. Restarting after 10 seconds...
[2025-10-04 21:08:13,930] [supervisor] Bot process exited with code 0
[2025-10-04 21:08:13,930] [supervisor] Performing post-exit cleanup. Restarting after 10 seconds...
[2025-10-04 21:08:23,225] [supervisor] Checking bot status...
[2025-10-04 21:08:23,242] [supervisor] Launched bot process (pid=19180).
[2025-10-04 21:08:24,077] [supervisor] Checking bot status...
[2025-10-04 21:08:24,090] [supervisor] Launched bot process (pid=4712).
[2025-10-04 21:08:26,245] [supervisor] Bot process exited with code 0
[2025-10-04 21:08:26,245] [supervisor] Performing post-exit cleanup. Restarting after 10 seconds...
[2025-10-04 21:08:30,098] [supervisor] Bot process exited with code 0
[2025-10-04 21:08:30,098] [supervisor] Performing post-exit cleanup. Restarting after 10 seconds...
[2025-10-04 21:08:36,817] [supervisor] Checking bot status...
[2025-10-04 21:08:36,832] [supervisor] Launched bot process (pid=16776).
[2025-10-04 21:08:40,254] [supervisor] Checking bot status...
[2025-10-04 21:08:40,269] [supervisor] Launched bot process (pid=2800).
[2025-10-04 21:08:41,836] [supervisor] Bot process exited with code 0
[2025-10-04 21:08:41,836] [supervisor] Performing post-exit cleanup. Restarting after 10 seconds...
[2025-10-04 21:08:46,304] [supervisor] Bot process exited with code 0
[2025-10-04 21:08:46,305] [supervisor] Performing post-exit cleanup. Restarting after 10 seconds...
[2025-10-04 21:08:52,393] [supervisor] Checking bot status...
[2025-10-04 21:08:52,410] [supervisor] Launched bot process (pid=18300).
[2025-10-04 21:08:56,413] [supervisor] Bot process exited with code 0
[2025-10-04 21:08:56,414] [supervisor] Performing post-exit cleanup. Restarting after 10 seconds...
[2025-10-04 21:08:56,455] [supervisor] Checking bot status...
[2025-10-04 21:08:56,472] [supervisor] Launched bot process (pid=13108).
[2025-10-04 21:09:02,480] [supervisor] Bot process exited with code 0
[2025-10-04 21:09:02,480] [supervisor] Performing post-exit cleanup. Restarting after 10 seconds...
[2025-10-04 21:09:06,850] [supervisor] Checking bot status...
[2025-10-04 21:09:06,863] [supervisor] Launched bot process (pid=1812).
[2025-10-04 21:09:10,867] [supervisor] Bot process exited with code 0
[2025-10-04 21:09:10,867] [supervisor] Performing post-exit cleanup. Restarting after 10 seconds...
[2025-10-04 21:09:12,625] [supervisor] Checking bot status...
[2025-10-04 21:09:12,644] [supervisor] Launched bot process (pid=8036).
[2025-10-04 21:09:18,650] [supervisor] Bot process exited with code 0
[2025-10-04 21:09:18,650] [supervisor] Performing post-exit cleanup. Restarting after 10 seconds...
[2025-10-04 21:09:21,387] [supervisor] Checking bot status...
[2025-10-04 21:09:21,406] [supervisor] Launched bot process (pid=6020).
[2025-10-04 21:09:25,410] [supervisor] Bot process exited with code 0
[2025-10-04 21:09:25,410] [supervisor] Performing post-exit cleanup. Restarting after 10 seconds...
[2025-10-04 21:09:28,789] [supervisor] Checking bot status...
[2025-10-04 21:09:28,801] [supervisor] Launched bot process (pid=13140).
[2025-10-04 21:09:34,805] [supervisor] Bot process exited with code 0
[2025-10-04 21:09:34,805] [supervisor] Performing post-exit cleanup. Restarting after 10 seconds...
[2025-10-04 21:09:35,945] [supervisor] Checking bot status...
[2025-10-04 21:09:35,963] [supervisor] Launched bot process (pid=13160).
[2025-10-04 21:09:38,966] [supervisor] Bot process exited with code 0
[2025-10-04 21:09:38,966] [supervisor] Performing post-exit cleanup. Restarting after 10 seconds...
[2025-10-04 21:09:44,951] [supervisor] Checking bot status...
[2025-10-04 21:09:44,968] [supervisor] Launched bot process (pid=18060).
[2025-10-04 21:09:49,525] [supervisor] Checking bot status...
[2025-10-04 21:09:49,540] [supervisor] Launched bot process (pid=3656).
[2025-10-04 21:09:50,972] [supervisor] Bot process exited with code 0
[2025-10-04 21:09:50,973] [supervisor] Performing post-exit cleanup. Restarting after 10 seconds...
[2025-10-04 21:09:53,543] [supervisor] Bot process exited with code 0
[2025-10-04 21:09:53,543] [supervisor] Performing post-exit cleanup. Restarting after 10 seconds...
[2025-10-04 21:10:01,123] [supervisor] Checking bot status...
[2025-10-04 21:10:01,139] [supervisor] Launched bot process (pid=13432).
[2025-10-04 21:10:04,113] [supervisor] Checking bot status...
[2025-10-04 21:10:04,132] [supervisor] Launched bot process (pid=17416).
[2025-10-04 21:10:07,145] [supervisor] Bot process exited with code 0
[2025-10-04 21:10:07,145] [supervisor] Performing post-exit cleanup. Restarting after 10 seconds...
[2025-10-04 21:10:08,135] [supervisor] Bot process exited with code 0
[2025-10-04 21:10:08,135] [supervisor] Performing post-exit cleanup. Restarting after 10 seconds...
[2025-10-04 21:10:17,301] [supervisor] Checking bot status...
[2025-10-04 21:10:17,318] [supervisor] Launched bot process (pid=11508).
[2025-10-04 21:10:18,664] [supervisor] Checking bot status...
[2025-10-04 21:10:18,678] [supervisor] Launched bot process (pid=3872).
[2025-10-04 21:10:22,683] [supervisor] Bot process exited with code 0
[2025-10-04 21:10:22,684] [supervisor] Performing post-exit cleanup. Restarting after 10 seconds...
[2025-10-04 21:10:24,328] [supervisor] Bot process exited with code 0
[2025-10-04 21:10:24,328] [supervisor] Performing post-exit cleanup. Restarting after 10 seconds...
[2025-10-04 21:10:33,195] [supervisor] Checking bot status...
[2025-10-04 21:10:33,209] [supervisor] Launched bot process (pid=18520).
[2025-10-04 21:10:34,450] [supervisor] Checking bot status...
[2025-10-04 21:10:34,459] [supervisor] Launched bot process (pid=2412).
[2025-10-04 21:28:16,708] [supervisor] Bot process exited with code 3221225478
[2025-10-04 21:28:16,708] [supervisor] Performing post-exit cleanup. Restarting after 10 seconds...
[2025-10-04 21:28:26,896] [supervisor] Checking bot status...
[2025-10-04 21:28:26,899] [supervisor] Launched bot process (pid=14508).
[2025-10-04 21:28:32,901] [supervisor] Bot process exited with code 0
[2025-10-04 21:28:32,901] [supervisor] Performing post-exit cleanup. Restarting after 10 seconds...
[2025-10-04 21:28:41,742] [supervisor] Starting supervisor loop.
[2025-10-04 21:28:41,760] [supervisor] Another supervisor instance appears to be running. Exiting.
[2025-10-04 21:28:42,300] [supervisor] Starting supervisor loop.
[2025-10-04 21:28:42,313] [supervisor] Another supervisor instance appears to be running. Exiting.
[2025-10-04 21:28:42,961] [supervisor] Checking bot status...
[2025-10-04 21:28:42,967] [supervisor] Launched bot process (pid=6716).
[2025-10-04 21:28:47,971] [supervisor] Bot process exited with code 0
[2025-10-04 21:28:47,971] [supervisor] Performing post-exit cleanup. Restarting after 10 seconds...
[2025-10-04 21:28:58,035] [supervisor] Checking bot status...
[2025-10-04 21:28:58,041] [supervisor] Launched bot process (pid=18744).
[2025-10-04 21:29:03,043] [supervisor] Bot process exited with code 0
[2025-10-04 21:29:03,043] [supervisor] Performing post-exit cleanup. Restarting after 10 seconds...
[2025-10-04 21:29:13,116] [supervisor] Checking bot status...
[2025-10-04 21:29:13,123] [supervisor] Launched bot process (pid=17172).
[2025-10-04 21:29:19,126] [supervisor] Bot process exited with code 0
[2025-10-04 21:29:19,126] [supervisor] Performing post-exit cleanup. Restarting after 10 seconds...
[2025-10-04 21:29:29,196] [supervisor] Checking bot status...
[2025-10-04 21:29:29,202] [supervisor] Launched bot process (pid=20100).
[2025-10-04 21:29:37,207] [supervisor] Bot process exited with code 0
[2025-10-04 21:29:37,207] [supervisor] Performing post-exit cleanup. Restarting after 10 seconds...
[2025-10-04 21:29:47,282] [supervisor] Checking bot status...
[2025-10-04 21:29:47,301] [supervisor] Launched bot process (pid=13736).
[2025-10-04 21:29:53,315] [supervisor] Bot process exited with code 0
[2025-10-04 21:29:53,315] [supervisor] Performing post-exit cleanup. Restarting after 10 seconds...
[2025-10-04 21:30:03,498] [supervisor] Checking bot status...
[2025-10-04 21:30:03,535] [supervisor] Launched bot process (pid=17776).
[2025-10-04 21:30:09,563] [supervisor] Bot process exited with code 0
[2025-10-04 21:30:09,564] [supervisor] Performing post-exit cleanup. Restarting after 10 seconds...
[2025-10-04 21:30:19,729] [supervisor] Checking bot status...
[2025-10-04 21:30:19,749] [supervisor] Launched bot process (pid=19840).
[2025-10-04 21:30:25,752] [supervisor] Bot process exited with code 0
[2025-10-04 21:30:25,752] [supervisor] Performing post-exit cleanup. Restarting after 10 seconds...
[2025-10-04 21:31:35,634] [supervisor] Starting supervisor loop.
[2025-10-04 21:31:35,668] [supervisor] Checking bot status...
[2025-10-04 21:31:35,673] [supervisor] Launched bot process (pid=2108).
[2025-10-04 21:32:19,984] [supervisor] Starting supervisor loop.
[2025-10-04 21:32:20,024] [supervisor] Another supervisor instance appears to be running. Exiting.
[2025-10-04 22:31:26,325] [supervisor] Starting supervisor loop.
[2025-10-04 22:31:26,354] [supervisor] Checking bot status...
[2025-10-04 22:31:26,359] [supervisor] Launched bot process (pid=4956).
[2025-10-04 22:31:36,364] [supervisor] Starting supervisor loop.
[2025-10-04 22:31:36,384] [supervisor] Another supervisor instance appears to be running. Exiting.
[2025-10-04 23:08:49,671] [supervisor] Bot process exited with code 0
[2025-10-04 23:08:49,672] [supervisor] Performing post-exit cleanup. Restarting after 10 seconds...
